// Jest Snapshot v1, https://goo.gl/fbAQLP

exports[`рендерится без краша 1`] = `
<form
  className="form"
  onSubmit={[Function]}
>
  <div
    className="MuiFormControl-root-1 search"
  >
    <label
      className="MuiFormLabel-root-16 MuiFormLabel-required-21 MuiInputLabel-required-9 MuiInputLabel-root-5 MuiInputLabel-formControl-10 MuiInputLabel-animated-13"
      data-shrink={false}
      htmlFor="place"
    >
      Место маршрута
      <span
        className="MuiFormLabel-asterisk-22"
      >
         *
      </span>
    </label>
    <div
      className="MuiInputBase-root-36 MuiInput-root-23 MuiInput-underline-27 MuiInputBase-formControl-37 MuiInput-formControl-24"
      onClick={[Function]}
    >
      <input
        aria-invalid={false}
        className="MuiInputBase-input-46 MuiInput-input-31"
        disabled={false}
        id="place"
        onBlur={[Function]}
        onChange={[Function]}
        onFocus={[Function]}
        placeholder="Введите место"
        required={true}
        type="text"
        value=""
      />
    </div>
  </div>
  <button
    className="MuiButtonBase-root-79 MuiButton-root-53 MuiButton-contained-64 MuiButton-containedPrimary-65 MuiButton-raised-67 MuiButton-raisedPrimary-68 button"
    disabled={false}
    onBlur={[Function]}
    onContextMenu={[Function]}
    onFocus={[Function]}
    onKeyDown={[Function]}
    onKeyUp={[Function]}
    onMouseDown={[Function]}
    onMouseLeave={[Function]}
    onMouseUp={[Function]}
    onTouchEnd={[Function]}
    onTouchMove={[Function]}
    onTouchStart={[Function]}
    style={
      Object {
        "marginLeft": "10px",
      }
    }
    tabIndex="0"
    type="submit"
  >
    <span
      className="MuiButton-label-54"
    >
      Добавить
    </span>
    <span
      className="MuiTouchRipple-root-82"
    />
  </button>
</form>
`;
